{
  parentEntities: [
    {
      property: 'Value2'
    },
    {
      property: 'Value1'
    }
  ]
}