{
  misNamed: [
    {
      misNamedChildren: [
        {
          id: Guid_1
        },
        {
          id: Guid_2
        }
      ]
    },
    {
      misNamedChildren: [
        {
          id: Guid_3
        }
      ]
    }
  ]
}