{
  level1Entities: [
    {
      level2Entity: {
        level3Entity: {
          property: 'Valuea'
        }
      }
    }
  ]
}