{
  parentEntity: {
    property: 'Value1',
    children: [
      {
        property: 'Value2'
      },
      {
        property: 'Value3'
      }
    ]
  }
}