{
  customType: [
    {
      property: 9223372036854775807
    },
    {
      property: 3
    }
  ]
}