{
  parentEntitiesConnection: {
    totalCount: 2,
    edges: [
      {
        cursor: '1',
        node: {
          property: 'Value4',
          children: [
            {
              property: 'Value5'
            }
          ]
        }
      }
    ],
    items: [
      {
        property: 'Value4',
        children: [
          {
            property: 'Value5'
          }
        ]
      }
    ]
  }
}