{
  parentEntitiesConnectionFiltered: {
    totalCount: 1,
    edges: [
      {
        cursor: '0',
        node: {
          property: 'Value1',
          children: [
            {
              property: 'Value3'
            }
          ]
        }
      }
    ],
    items: [
      {
        property: 'Value1',
        children: [
          {
            property: 'Value3'
          }
        ]
      }
    ]
  }
}