{
  parentEntities: [
    {
      id: Guid_1
    }
  ]
}