{
  manyChildren: [
    {
      child1: {
        id: Guid_1
      }
    }
  ]
}