{
  childEntities: [
    {
      property: 'Value2',
      parent: {
        property: 'Value1'
      }
    },
    {
      property: 'Value3',
      parent: {
        property: 'Value1'
      }
    },
    {
      property: 'Value5',
      parent: {
        property: 'Value4'
      }
    }
  ]
}