{
  childEntities: [
    {
      parentAlias: {
        property: 'Value1'
      }
    },
    {
      parentAlias: {
        property: 'Value1'
      }
    },
    {
      parentAlias: {
        property: 'Value4'
      }
    }
  ]
}