{
  withNullableEntities: [
    {
      id: Guid_1
    }
  ]
}