{
  TotalCount: 10,
  PageInfo: {
    HasNextPage: true,
    HasPreviousPage: true,
    StartCursor: '1',
    EndCursor: '1'
  },
  Edges: [
    {
      Cursor: '1',
      Node: 'b'
    }
  ],
  Items: [
    'b'
  ]
}