{
  TotalCount: 10,
  PageInfo: {
    StartCursor: '2',
    EndCursor: '9'
  },
  Edges: [
    {
      Cursor: '2',
      Node: 'c'
    },
    {
      Cursor: '3',
      Node: 'd'
    },
    {
      Cursor: '4',
      Node: 'e'
    },
    {
      Cursor: '5',
      Node: 'f'
    },
    {
      Cursor: '6',
      Node: 'g'
    },
    {
      Cursor: '7',
      Node: 'h'
    },
    {
      Cursor: '8',
      Node: 'i'
    },
    {
      Cursor: '9',
      Node: 'j'
    }
  ],
  Items: [
    'c',
    'd',
    'e',
    'f',
    'g',
    'h',
    'i',
    'j'
  ]
}