{
  TotalCount: 10,
  PageInfo: {
    HasNextPage: true,
    HasPreviousPage: true,
    StartCursor: '2',
    EndCursor: '4'
  },
  Edges: [
    {
      Cursor: '2',
      Node: 'c'
    },
    {
      Cursor: '3',
      Node: 'd'
    },
    {
      Cursor: '4',
      Node: 'e'
    }
  ],
  Items: [
    'c',
    'd',
    'e'
  ]
}